Platform node has already been set. Overwriting the platform with node.
